  Determinando los proyectos que se van a restaurar...
  Todos los proyectos est├ín actualizados para la restauraci├│n.
C:\Automatizacion\Satisfactory-Efficiency-Control\SatisfactoryManagerApp\ViewModels\EditorViewModel.cs(10,2): error CS1513: Se esperaba } [C:\Automatizacion\Satisfactory-Efficiency-Control\SatisfactoryManagerApp\SatisfactoryManagerApp_dz41tuol_wpftmp.csproj]
C:\Automatizacion\Satisfactory-Efficiency-Control\SatisfactoryManagerApp\ViewModels\EditorViewModel.cs(411,1): error CS1022: Se esperaba una definici├│n de tipo o espacio de nombres, o el fin del archivo [C:\Automatizacion\Satisfactory-Efficiency-Control\SatisfactoryManagerApp\SatisfactoryManagerApp_dz41tuol_wpftmp.csproj]

ERROR al compilar.

C:\Automatizacion\Satisfactory-Efficiency-Control\SatisfactoryManagerApp\ViewModels\EditorViewModel.cs(10,2): error CS1513: Se esperaba } [C:\Automatizacion\Satisfactory-Efficiency-Control\SatisfactoryManagerApp\SatisfactoryManagerApp_dz41tuol_wpftmp.csproj]
C:\Automatizacion\Satisfactory-Efficiency-Control\SatisfactoryManagerApp\ViewModels\EditorViewModel.cs(411,1): error CS1022: Se esperaba una definici├│n de tipo o espacio de nombres, o el fin del archivo [C:\Automatizacion\Satisfactory-Efficiency-Control\SatisfactoryManagerApp\SatisfactoryManagerApp_dz41tuol_wpftmp.csproj]
    0 Advertencia(s)
    2 Errores

Tiempo transcurrido 00:00:08.91

Hay actualizaciones de carga de trabajo disponibles. Ejecute "dotnet workload list" para obtener m├ís informaci├│n.
